
[TestListSecrets/List_secrets_of_a_user - 1]
[]*goph.Secret{
    &goph.Secret{
        state:         impl.MessageState{},
        sizeCache:     0,
        unknownFields: nil,
        Id:            "df566e25-43a5-4c34-9123-3931fb809b45",
        Name:          "my-secret",
        Kind:          1,
        Metadata:      {0x65, 0x6e, 0x63, 0x72, 0x79, 0x70, 0x74, 0x65, 0x64, 0x20, 0x65, 0x78, 0x74, 0x72, 0x61, 0x20, 0x64, 0x61, 0x74, 0x61},
    },
}
---

[TestListSecrets/List_secrets_of_a_user_who_has_no_secrets - 1]
[]*goph.Secret{
}
---
