
[TestKeyToHash - 1]
88bb5abaa61568b9f11ba091445d81772a3a264fb3f3054088f78baf7a091a9d
---
