
[TestSecretToString/Print_password - 1]
******
---

[TestSecretToString/Print_empty_secret - 1]

---

[TestSecretURIToString/Print_database_URI - 1]
postgres://*****:*****@127.0.0.1:5432/goph?sslmode=disable
---

[TestSecretURIToString/Print_empty_secret - 1]

---
